Timestamp: 2026-08-11T14:27:29.253Z
Command: git diff --check
Recorded exit code: 0

Exit code: 0
Wall time: 1 seconds
Output:

Timestamp: 2026-08-11T14:27:45.417Z
Command: exact scope verification against bb94b169811c69a0487657c38dfb9a0b6d50d64d
Recorded exit code: 0

Exit code: 0
Wall time: 1.4 seconds
Output:
Changed tracked files from exact base:
package.json
pnpm-lock.yaml
Unexpected tracked files:
Worktree status:
 M package.json
 M pnpm-lock.yaml
?? Project_Atlas_Team_Workspace/04_Planning/SEC-WPR-001-DEPENDENCY-SECURITY-REMEDIATION-TASK-PACKET.md
